..........F.............F....                                            [100%]
================================== FAILURES ===================================
___________________ TestCreateIdeaFlow.test_create_and_run ____________________

self = <tests.smoke.test_e2e_smoke.TestCreateIdeaFlow object at 0x0000024FE9F56FE0>

    def test_create_and_run(self) -> None:
        """Full lifecycle: create idea \u2192 start run \u2192 check report."""
        # Create idea
        resp = client.post(
            "/app/ideas/new",
            data={
                "title": "Full Flow Smoke Test",
                "description": "Testing the complete lifecycle",
                "target_user": "QA engineers",
                "context": "e2e testing",
            },
            follow_redirects=False,
        )
        assert resp.status_code == 303
        idea_url = resp.headers["location"]
        idea_id = idea_url.split("/")[-1]
    
        # Start run
        run_resp = client.post(
            "/app/runs/create",
            data={
                "idea_id": idea_id,
                "mode": "local-only",
                "tier": "low",
            },
            follow_redirects=False,
        )
        assert run_resp.status_code == 303
        run_url = run_resp.headers["location"]
        run_id = run_url.split("/")[-1]
    
        # Check run status via poll
        poll_resp = client.get(f"/runs/{run_id}/status")
        assert poll_resp.status_code == 200
        poll_data = poll_resp.json()
        assert poll_data["status"] == "succeeded"
    
        # Check report HTML
        report_resp = client.get(f"/app/runs/{run_id}/report")
>       assert report_resp.status_code == 200
E       assert 404 == 200
E        +  where 404 = <Response [404 Not Found]>.status_code

tests\smoke\test_e2e_smoke.py:110: AssertionError
---------------------------- Captured stdout call -----------------------------
2026-04-18T11:21:10.986569+00:00 level=INFO logger=api.request event=request_completed msg=Request completed method=POST path=/app/ideas/new status_code=303 duration_ms=8.51
2026-04-18T11:21:10.988561+00:00 level=INFO logger=httpx event= msg=HTTP Request: POST http://testserver/app/ideas/new "HTTP/1.1 303 See Other"
2026-04-18T11:21:11.000948+00:00 level=INFO logger=api.request event=request_completed msg=Request completed method=POST path=/app/runs/create status_code=303 duration_ms=9.35
2026-04-18T11:21:11.001935+00:00 level=INFO logger=engine.orchestrator event=run_started msg=Run started run_id=aa9dff00-3c59-441c-abec-5bb8cea0f95b idea_id=04002ed9-f5ce-4f8f-a514-e46b28670445 mode=local-only
2026-04-18T11:21:11.011917+00:00 level=INFO logger=engine.orchestrator event=search_signals_collected msg=Search signals collected run_id=aa9dff00-3c59-441c-abec-5bb8cea0f95b results_count=0
2026-04-18T11:21:13.626396+00:00 level=ERROR logger=engine.analyst event= msg=Dimensional analysis failed: All connection attempts failed
Traceback (most recent call last):
  File "C:\Users\Richa\anaconda3\lib\site-packages\httpx\_transports\default.py", line 101, in map_httpcore_exceptions
    yield
  File "C:\Users\Richa\anaconda3\lib\site-packages\httpx\_transports\default.py", line 394, in handle_async_request
    resp = await self._pool.handle_async_request(req)
  File "C:\Users\Richa\anaconda3\lib\site-packages\httpcore\_async\connection_pool.py", line 256, in handle_async_request
    raise exc from None
  File "C:\Users\Richa\anaconda3\lib\site-packages\httpcore\_async\connection_pool.py", line 236, in handle_async_request
    response = await connection.handle_async_request(
  File "C:\Users\Richa\anaconda3\lib\site-packages\httpcore\_async\connection.py", line 101, in handle_async_request
    raise exc
  File "C:\Users\Richa\anaconda3\lib\site-packages\httpcore\_async\connection.py", line 78, in handle_async_request
    stream = await self._connect(request)
  File "C:\Users\Richa\anaconda3\lib\site-packages\httpcore\_async\connection.py", line 124, in _connect
    stream = await self._network_backend.connect_tcp(**kwargs)
  File "C:\Users\Richa\anaconda3\lib\site-packages\httpcore\_backends\auto.py", line 31, in connect_tcp
    return await self._backend.connect_tcp(
  File "C:\Users\Richa\anaconda3\lib\site-packages\httpcore\_backends\anyio.py", line 113, in connect_tcp
    with map_exceptions(exc_map):
  File "C:\Users\Richa\anaconda3\lib\contextlib.py", line 153, in __exit__
    self.gen.throw(typ, value, traceback)
  File "C:\Users\Richa\anaconda3\lib\site-packages\httpcore\_exceptions.py", line 14, in map_exceptions
    raise to_exc(exc) from exc
httpcore.ConnectError: All connection attempts failed

The above exception was the direct cause of the following exception:

Traceback (most recent call last):
  File "C:\Users\Richa\OneDrive\Documents\Projects\AIdeator\engine\analyst.py", line 64, in analyze_dimensions
    response = await provider.generate(messages, temperature=0.3)
  File "C:\Users\Richa\OneDrive\Documents\Projects\AIdeator\aideator\llm\providers.py", line 247, in generate
    response = await client.post(url, json=payload)
  File "C:\Users\Richa\anaconda3\lib\site-packages\httpx\_client.py", line 1859, in post
    return await self.request(
  File "C:\Users\Richa\anaconda3\lib\site-packages\httpx\_client.py", line 1540, in request
    return await self.send(request, auth=auth, follow_redirects=follow_redirects)
  File "C:\Users\Richa\anaconda3\lib\site-packages\httpx\_client.py", line 1629, in send
    response = await self._send_handling_auth(
  File "C:\Users\Richa\anaconda3\lib\site-packages\httpx\_client.py", line 1657, in _send_handling_auth
    response = await self._send_handling_redirects(
  File "C:\Users\Richa\anaconda3\lib\site-packages\httpx\_client.py", line 1694, in _send_handling_redirects
    response = await self._send_single_request(request)
  File "C:\Users\Richa\anaconda3\lib\site-packages\httpx\_client.py", line 1730, in _send_single_request
    response = await transport.handle_async_request(request)
  File "C:\Users\Richa\anaconda3\lib\site-packages\httpx\_transports\default.py", line 393, in handle_async_request
    with map_httpcore_exceptions():
  File "C:\Users\Richa\anaconda3\lib\contextlib.py", line 153, in __exit__
    self.gen.throw(typ, value, traceback)
  File "C:\Users\Richa\anaconda3\lib\site-packages\httpx\_transports\default.py", line 118, in map_httpcore_exceptions
    raise mapped_exc(message) from exc
httpx.ConnectError: All connection attempts failed
2026-04-18T11:21:15.877948+00:00 level=ERROR logger=engine.synthesizer event= msg=LLM synthesis failed, falling back to defaults: All connection attempts failed
Traceback (most recent call last):
  File "C:\Users\Richa\anaconda3\lib\site-packages\httpx\_transports\default.py", line 101, in map_httpcore_exceptions
    yield
  File "C:\Users\Richa\anaconda3\lib\site-packages\httpx\_transports\default.py", line 394, in handle_async_request
    resp = await self._pool.handle_async_request(req)
  File "C:\Users\Richa\anaconda3\lib\site-packages\httpcore\_async\connection_pool.py", line 256, in handle_async_request
    raise exc from None
  File "C:\Users\Richa\anaconda3\lib\site-packages\httpcore\_async\connection_pool.py", line 236, in handle_async_request
    response = await connection.handle_async_request(
  File "C:\Users\Richa\anaconda3\lib\site-packages\httpcore\_async\connection.py", line 101, in handle_async_request
    raise exc
  File "C:\Users\Richa\anaconda3\lib\site-packages\httpcore\_async\connection.py", line 78, in handle_async_request
    stream = await self._connect(request)
  File "C:\Users\Richa\anaconda3\lib\site-packages\httpcore\_async\connection.py", line 124, in _connect
    stream = await self._network_backend.connect_tcp(**kwargs)
  File "C:\Users\Richa\anaconda3\lib\site-packages\httpcore\_backends\auto.py", line 31, in connect_tcp
    return await self._backend.connect_tcp(
  File "C:\Users\Richa\anaconda3\lib\site-packages\httpcore\_backends\anyio.py", line 113, in connect_tcp
    with map_exceptions(exc_map):
  File "C:\Users\Richa\anaconda3\lib\contextlib.py", line 153, in __exit__
    self.gen.throw(typ, value, traceback)
  File "C:\Users\Richa\anaconda3\lib\site-packages\httpcore\_exceptions.py", line 14, in map_exceptions
    raise to_exc(exc) from exc
httpcore.ConnectError: All connection attempts failed

The above exception was the direct cause of the following exception:

Traceback (most recent call last):
  File "C:\Users\Richa\OneDrive\Documents\Projects\AIdeator\engine\synthesizer.py", line 206, in synthesize_intelligence
    response = await provider.generate(messages, temperature=0.7)
  File "C:\Users\Richa\OneDrive\Documents\Projects\AIdeator\aideator\llm\providers.py", line 247, in generate
    response = await client.post(url, json=payload)
  File "C:\Users\Richa\anaconda3\lib\site-packages\httpx\_client.py", line 1859, in post
    return await self.request(
  File "C:\Users\Richa\anaconda3\lib\site-packages\httpx\_client.py", line 1540, in request
    return await self.send(request, auth=auth, follow_redirects=follow_redirects)
  File "C:\Users\Richa\anaconda3\lib\site-packages\httpx\_client.py", line 1629, in send
    response = await self._send_handling_auth(
  File "C:\Users\Richa\anaconda3\lib\site-packages\httpx\_client.py", line 1657, in _send_handling_auth
    response = await self._send_handling_redirects(
  File "C:\Users\Richa\anaconda3\lib\site-packages\httpx\_client.py", line 1694, in _send_handling_redirects
    response = await self._send_single_request(request)
  File "C:\Users\Richa\anaconda3\lib\site-packages\httpx\_client.py", line 1730, in _send_single_request
    response = await transport.handle_async_request(request)
  File "C:\Users\Richa\anaconda3\lib\site-packages\httpx\_transports\default.py", line 393, in handle_async_request
    with map_httpcore_exceptions():
  File "C:\Users\Richa\anaconda3\lib\contextlib.py", line 153, in __exit__
    self.gen.throw(typ, value, traceback)
  File "C:\Users\Richa\anaconda3\lib\site-packages\httpx\_transports\default.py", line 118, in map_httpcore_exceptions
    raise mapped_exc(message) from exc
httpx.ConnectError: All connection attempts failed
2026-04-18T11:21:15.895448+00:00 level=INFO logger=engine.orchestrator event=run_succeeded msg=Run succeeded run_id=aa9dff00-3c59-441c-abec-5bb8cea0f95b idea_id=04002ed9-f5ce-4f8f-a514-e46b28670445 mode=local-only duration_ms=4890
2026-04-18T11:21:15.895448+00:00 level=INFO logger=httpx event= msg=HTTP Request: POST http://testserver/app/runs/create "HTTP/1.1 303 See Other"
2026-04-18T11:21:15.899315+00:00 level=INFO logger=api.request event=request_completed msg=Request completed method=GET path=/runs/aa9dff00-3c59-441c-abec-5bb8cea0f95b/status status_code=200 duration_ms=1.57
2026-04-18T11:21:15.899315+00:00 level=INFO logger=httpx event= msg=HTTP Request: GET http://testserver/runs/aa9dff00-3c59-441c-abec-5bb8cea0f95b/status "HTTP/1.1 200 OK"
2026-04-18T11:21:15.904360+00:00 level=INFO logger=api.request event=request_completed msg=Request completed method=GET path=/app/runs/aa9dff00-3c59-441c-abec-5bb8cea0f95b/report status_code=404 duration_ms=0.37
2026-04-18T11:21:15.905381+00:00 level=INFO logger=httpx event= msg=HTTP Request: GET http://testserver/app/runs/aa9dff00-3c59-441c-abec-5bb8cea0f95b/report "HTTP/1.1 404 Not Found"
------------------------------ Captured log call ------------------------------
INFO     api.request:logging.py:106 Request completed
INFO     httpx:_client.py:1025 HTTP Request: POST http://testserver/app/ideas/new "HTTP/1.1 303 See Other"
INFO     api.request:logging.py:106 Request completed
INFO     engine.orchestrator:orchestrator.py:28 Run started
INFO     engine.orchestrator:orchestrator.py:49 Search signals collected
ERROR    engine.analyst:analyst.py:75 Dimensional analysis failed: All connection attempts failed
Traceback (most recent call last):
  File "C:\Users\Richa\anaconda3\lib\site-packages\httpx\_transports\default.py", line 101, in map_httpcore_exceptions
    yield
  File "C:\Users\Richa\anaconda3\lib\site-packages\httpx\_transports\default.py", line 394, in handle_async_request
    resp = await self._pool.handle_async_request(req)
  File "C:\Users\Richa\anaconda3\lib\site-packages\httpcore\_async\connection_pool.py", line 256, in handle_async_request
    raise exc from None
  File "C:\Users\Richa\anaconda3\lib\site-packages\httpcore\_async\connection_pool.py", line 236, in handle_async_request
    response = await connection.handle_async_request(
  File "C:\Users\Richa\anaconda3\lib\site-packages\httpcore\_async\connection.py", line 101, in handle_async_request
    raise exc
  File "C:\Users\Richa\anaconda3\lib\site-packages\httpcore\_async\connection.py", line 78, in handle_async_request
    stream = await self._connect(request)
  File "C:\Users\Richa\anaconda3\lib\site-packages\httpcore\_async\connection.py", line 124, in _connect
    stream = await self._network_backend.connect_tcp(**kwargs)
  File "C:\Users\Richa\anaconda3\lib\site-packages\httpcore\_backends\auto.py", line 31, in connect_tcp
    return await self._backend.connect_tcp(
  File "C:\Users\Richa\anaconda3\lib\site-packages\httpcore\_backends\anyio.py", line 113, in connect_tcp
    with map_exceptions(exc_map):
  File "C:\Users\Richa\anaconda3\lib\contextlib.py", line 153, in __exit__
    self.gen.throw(typ, value, traceback)
  File "C:\Users\Richa\anaconda3\lib\site-packages\httpcore\_exceptions.py", line 14, in map_exceptions
    raise to_exc(exc) from exc
httpcore.ConnectError: All connection attempts failed

The above exception was the direct cause of the following exception:

Traceback (most recent call last):
  File "C:\Users\Richa\OneDrive\Documents\Projects\AIdeator\engine\analyst.py", line 64, in analyze_dimensions
    response = await provider.generate(messages, temperature=0.3)
  File "C:\Users\Richa\OneDrive\Documents\Projects\AIdeator\aideator\llm\providers.py", line 247, in generate
    response = await client.post(url, json=payload)
  File "C:\Users\Richa\anaconda3\lib\site-packages\httpx\_client.py", line 1859, in post
    return await self.request(
  File "C:\Users\Richa\anaconda3\lib\site-packages\httpx\_client.py", line 1540, in request
    return await self.send(request, auth=auth, follow_redirects=follow_redirects)
  File "C:\Users\Richa\anaconda3\lib\site-packages\httpx\_client.py", line 1629, in send
    response = await self._send_handling_auth(
  File "C:\Users\Richa\anaconda3\lib\site-packages\httpx\_client.py", line 1657, in _send_handling_auth
    response = await self._send_handling_redirects(
  File "C:\Users\Richa\anaconda3\lib\site-packages\httpx\_client.py", line 1694, in _send_handling_redirects
    response = await self._send_single_request(request)
  File "C:\Users\Richa\anaconda3\lib\site-packages\httpx\_client.py", line 1730, in _send_single_request
    response = await transport.handle_async_request(request)
  File "C:\Users\Richa\anaconda3\lib\site-packages\httpx\_transports\default.py", line 393, in handle_async_request
    with map_httpcore_exceptions():
  File "C:\Users\Richa\anaconda3\lib\contextlib.py", line 153, in __exit__
    self.gen.throw(typ, value, traceback)
  File "C:\Users\Richa\anaconda3\lib\site-packages\httpx\_transports\default.py", line 118, in map_httpcore_exceptions
    raise mapped_exc(message) from exc
httpx.ConnectError: All connection attempts failed
ERROR    engine.synthesizer:synthesizer.py:240 LLM synthesis failed, falling back to defaults: All connection attempts failed
Traceback (most recent call last):
  File "C:\Users\Richa\anaconda3\lib\site-packages\httpx\_transports\default.py", line 101, in map_httpcore_exceptions
    yield
  File "C:\Users\Richa\anaconda3\lib\site-packages\httpx\_transports\default.py", line 394, in handle_async_request
    resp = await self._pool.handle_async_request(req)
  File "C:\Users\Richa\anaconda3\lib\site-packages\httpcore\_async\connection_pool.py", line 256, in handle_async_request
    raise exc from None
  File "C:\Users\Richa\anaconda3\lib\site-packages\httpcore\_async\connection_pool.py", line 236, in handle_async_request
    response = await connection.handle_async_request(
  File "C:\Users\Richa\anaconda3\lib\site-packages\httpcore\_async\connection.py", line 101, in handle_async_request
    raise exc
  File "C:\Users\Richa\anaconda3\lib\site-packages\httpcore\_async\connection.py", line 78, in handle_async_request
    stream = await self._connect(request)
  File "C:\Users\Richa\anaconda3\lib\site-packages\httpcore\_async\connection.py", line 124, in _connect
    stream = await self._network_backend.connect_tcp(**kwargs)
  File "C:\Users\Richa\anaconda3\lib\site-packages\httpcore\_backends\auto.py", line 31, in connect_tcp
    return await self._backend.connect_tcp(
  File "C:\Users\Richa\anaconda3\lib\site-packages\httpcore\_backends\anyio.py", line 113, in connect_tcp
    with map_exceptions(exc_map):
  File "C:\Users\Richa\anaconda3\lib\contextlib.py", line 153, in __exit__
    self.gen.throw(typ, value, traceback)
  File "C:\Users\Richa\anaconda3\lib\site-packages\httpcore\_exceptions.py", line 14, in map_exceptions
    raise to_exc(exc) from exc
httpcore.ConnectError: All connection attempts failed

The above exception was the direct cause of the following exception:

Traceback (most recent call last):
  File "C:\Users\Richa\OneDrive\Documents\Projects\AIdeator\engine\synthesizer.py", line 206, in synthesize_intelligence
    response = await provider.generate(messages, temperature=0.7)
  File "C:\Users\Richa\OneDrive\Documents\Projects\AIdeator\aideator\llm\providers.py", line 247, in generate
    response = await client.post(url, json=payload)
  File "C:\Users\Richa\anaconda3\lib\site-packages\httpx\_client.py", line 1859, in post
    return await self.request(
  File "C:\Users\Richa\anaconda3\lib\site-packages\httpx\_client.py", line 1540, in request
    return await self.send(request, auth=auth, follow_redirects=follow_redirects)
  File "C:\Users\Richa\anaconda3\lib\site-packages\httpx\_client.py", line 1629, in send
    response = await self._send_handling_auth(
  File "C:\Users\Richa\anaconda3\lib\site-packages\httpx\_client.py", line 1657, in _send_handling_auth
    response = await self._send_handling_redirects(
  File "C:\Users\Richa\anaconda3\lib\site-packages\httpx\_client.py", line 1694, in _send_handling_redirects
    response = await self._send_single_request(request)
  File "C:\Users\Richa\anaconda3\lib\site-packages\httpx\_client.py", line 1730, in _send_single_request
    response = await transport.handle_async_request(request)
  File "C:\Users\Richa\anaconda3\lib\site-packages\httpx\_transports\default.py", line 393, in handle_async_request
    with map_httpcore_exceptions():
  File "C:\Users\Richa\anaconda3\lib\contextlib.py", line 153, in __exit__
    self.gen.throw(typ, value, traceback)
  File "C:\Users\Richa\anaconda3\lib\site-packages\httpx\_transports\default.py", line 118, in map_httpcore_exceptions
    raise mapped_exc(message) from exc
httpx.ConnectError: All connection attempts failed
INFO     engine.orchestrator:orchestrator.py:102 Run succeeded
INFO     httpx:_client.py:1025 HTTP Request: POST http://testserver/app/runs/create "HTTP/1.1 303 See Other"
INFO     api.request:logging.py:106 Request completed
INFO     httpx:_client.py:1025 HTTP Request: GET http://testserver/runs/aa9dff00-3c59-441c-abec-5bb8cea0f95b/status "HTTP/1.1 200 OK"
INFO     api.request:logging.py:106 Request completed
INFO     httpx:_client.py:1025 HTTP Request: GET http://testserver/app/runs/aa9dff00-3c59-441c-abec-5bb8cea0f95b/report "HTTP/1.1 404 Not Found"
_______________ TestValidateCardsV1.test_mismatched_band_raises _______________

self = <tests.unit.engine.test_scoring.TestValidateCardsV1 object at 0x0000024FE9FC5660>

    def test_mismatched_band_raises(self) -> None:
        cards = [
            Card(type="demand", title="T", summary="s", score=80, meta={"band": "low", "citation_urls": ["u"]}),
            Card(type="competition", title="T", summary="s", score=50, meta={"band": "medium", "citation_urls": ["u"]}),
            Card(type="viability", title="T", summary="s", score=50, meta={"band": "medium", "citation_urls": ["u"]}),
            Card(type="next_steps", title="T", summary="s", score=50, meta={"band": "medium", "citation_urls": []}),
        ]
>       with pytest.raises(ValueError, match="Band mismatch"):
E       Failed: DID NOT RAISE <class 'ValueError'>

tests\unit\engine\test_scoring.py:106: Failed
============================== warnings summary ===============================
api\app.py:121
  C:\Users\Richa\OneDrive\Documents\Projects\AIdeator\api\app.py:121: DeprecationWarning: 
          on_event is deprecated, use lifespan event handlers instead.
  
          Read more about it in the
          [FastAPI docs for Lifespan Events](https://fastapi.tiangolo.com/advanced/events/).
          
    @app.on_event("startup")

..\..\..\..\anaconda3\lib\site-packages\fastapi\applications.py:4599
  C:\Users\Richa\anaconda3\lib\site-packages\fastapi\applications.py:4599: DeprecationWarning: 
          on_event is deprecated, use lifespan event handlers instead.
  
          Read more about it in the
          [FastAPI docs for Lifespan Events](https://fastapi.tiangolo.com/advanced/events/).
          
    return self.router.on_event(event_type)

-- Docs: https://docs.pytest.org/en/stable/how-to/capture-warnings.html
=========================== short test summary info ===========================
FAILED tests/smoke/test_e2e_smoke.py::TestCreateIdeaFlow::test_create_and_run
FAILED tests/unit/engine/test_scoring.py::TestValidateCardsV1::test_mismatched_band_raises
2 failed, 27 passed, 2 warnings in 7.18s
